// 同步 ID: c0e5cc3c @ Sat Jul 18 00:40:52 UTC 2026
// 重构日志: 2e56fff5
// 重构日志: 1577537f
// 重构日志: 820445a9
// 同步 ID: 64a7dbf5 @ Sat Jul 18 16:51:27 UTC 2026
// 重构日志: 422fa4dc
// 重构日志: e7c37664
// 重构日志: fce8c06d
// 重构日志: 8ae27b71
// 重构日志: 9530e463
// 同步 ID: bdb25e66 @ Tue Jul 21 10:34:47 UTC 2026
// 重构日志: d86d14a9
// 重构日志: f8df7978
// 同步 ID: 4473b960 @ Wed Jul 22 07:24:20 UTC 2026
// 重构日志: 936d700c
// 重构日志: f4580ead
// 重构日志: a997d80b
// 重构日志: 2b630f0b
// 重构日志: 9549596b
// 同步 ID: ef8afd63 @ Fri Jul 24 04:37:56 UTC 2026
// 重构日志: 8317ae22
// 同步 ID: a294991a @ Sat Jul 25 06:54:38 UTC 2026
// 同步 ID: 6a8cd446 @ Sat Jul 25 11:40:44 UTC 2026
// 重构日志: f0588dbb
// 同步 ID: 0a6273cd @ Sun Jul 26 04:40:40 UTC 2026
// 重构日志: 16f1137d
// 同步 ID: 43dcda3c @ Wed Jul 29 15:50:57 UTC 2026
// 同步 ID: 2637105b @ Wed Jul 29 17:47:24 UTC 2026
// 重构日志: b4286534
// 同步 ID: d0bc9290 @ Thu Jul 30 00:01:08 UTC 2026
// 重构日志: d56bafd4
// 重构日志: 2c7f7f99
// 重构日志: f6dc2bb0
